JONES FELIPE@JONES MINGW64 ~/OneDrive/Área de Trabalho/PROJETO
$ git init
Initialized empty Git repository in C:/Users/Pichau/OneDrive/Área de Trabalho/PR
OJETO/.git/

JONES FELIPE@JONES MINGW64 ~/OneDrive/Área de Trabalho/PROJETO (master)
$ git status
On branch master

No commits yet

Untracked files:
  (use "git add <file>..." to include in what will be committed)
        teste.txt

nothing added to commit but untracked files present (use "git add" to track)

JONES FELIPE@JONES MINGW64 ~/OneDrive/Área de Trabalho/PROJETO (master)
$ git add "teste.txt"

JONES FELIPE@JONES MINGW64 ~/OneDrive/Área de Trabalho/PROJETO (master)
$ git status
On branch master

No commits yet

Changes to be committed:
  (use "git rm --cached <file>..." to unstage)
        new file:   teste.txt


JONES FELIPE@JONES MINGW64 ~/OneDrive/Área de Trabalho/PROJETO (master)
$ git commit -m "commit inicial"
[master (root-commit) 90dfaaf] commit inicial
 1 file changed, 0 insertions(+), 0 deletions(-)
 create mode 100644 teste.txt

JONES FELIPE@JONES MINGW64 ~/OneDrive/Área de Trabalho/PROJETO (master)
$ git push
fatal: No configured push destination.
Either specify the URL from the command-line or configure a remote repository us
ing

    git remote add <name> <url>

and then push using the remote name

    git push <name>


JONES FELIPE@JONES MINGW64 ~/OneDrive/Área de Trabalho/PROJETO (master)
$ git push https://github.com/JONESFELIPE/projeto2jonesfelipe
fatal: The current branch master has no upstream branch.
To push the current branch and set the remote as upstream, use

    git push --set-upstream https://github.com/JONESFELIPE/projeto2jonesfelipe m
aster

To have this happen automatically for branches without a tracking
upstream, see 'push.autoSetupRemote' in 'git help config'.


JONES FELIPE@JONES MINGW64 ~/OneDrive/Área de Trabalho/PROJETO (master)
$  git push --set-upstream https://github.com/JONESFELIPE/projeto2jonesfelipe m
aster
error: src refspec m does not match any
error: failed to push some refs to 'https://github.com/JONESFELIPE/projeto2jones
felipe'
bash: aster: command not found

JONES FELIPE@JONES MINGW64 ~/OneDrive/Área de Trabalho/PROJETO (master)
$  git push --set-upstream https://github.com/JONESFELIPE/projeto2jonesfelipe m
error: src refspec m does not match any
error: failed to push some refs to 'https://github.com/JONESFELIPE/projeto2jonesfelipe'

JONES FELIPE@JONES MINGW64 ~/OneDrive/Área de Trabalho/PROJETO (master)
$ git remote add origin https://github.com/JONESFELIPE/projeto2jonesfelipe.git

JONES FELIPE@JONES MINGW64 ~/OneDrive/Área de Trabalho/PROJETO (master)
$ git push --set-upstream origin master
Enumerating objects: 3, done.
Counting objects: 100% (3/3), done.
Writing objects: 100% (3/3), 241 bytes | 241.00 KiB/s, done.
Total 3 (delta 0), reused 0 (delta 0), pack-reused 0
remote:
remote: Create a pull request for 'master' on GitHub by visiting:
remote:      https://github.com/JONESFELIPE/projeto2jonesfelipe/pull/new/master
remote:
To https://github.com/JONESFELIPE/projeto2jonesfelipe.git
 * [new branch]      master -> master
branch 'master' set up to track 'origin/master'.

JONES FELIPE@JONES MINGW64 ~/OneDrive/Área de Trabalho/PROJETO (master)
$ git status
On branch master
Your branch is up to date with 'origin/master'.

Changes not staged for commit:
  (use "git add <file>..." to update what will be committed)
  (use "git restore <file>..." to discard changes in working directory)
        modified:   teste.txt

no changes added to commit (use "git add" and/or "git commit -a")

JONES FELIPE@JONES MINGW64 ~/OneDrive/Área de Trabalho/PROJETO (master)
$ git add .

JONES FELIPE@JONES MINGW64 ~/OneDrive/Área de Trabalho/PROJETO (master)
$ git status
On branch master
Your branch is up to date with 'origin/master'.

Changes to be committed:
  (use "git restore --staged <file>..." to unstage)
        modified:   teste.txt


JONES FELIPE@JONES MINGW64 ~/OneDrive/Área de Trabalho/PROJETO (master)
$ git commit -m "nova linha"
[master d297173] nova linha
 1 file changed, 1 insertion(+)

JONES FELIPE@JONES MINGW64 ~/OneDrive/Área de Trabalho/PROJETO (master)
$ git push
To https://github.com/JONESFELIPE/projeto2jonesfelipe.git
 ! [rejected]        master -> master (fetch first)
error: failed to push some refs to 'https://github.com/JONESFELIPE/projeto2jonesfelipe.git'
hint: Updates were rejected because the remote contains work that you do
hint: not have locally. This is usually caused by another repository pushing
hint: to the same ref. You may want to first integrate the remote changes
hint: (e.g., 'git pull ...') before pushing again.
hint: See the 'Note about fast-forwards' in 'git push --help' for details.

JONES FELIPE@JONES MINGW64 ~/OneDrive/Área de Trabalho/PROJETO (master)
$ git push --set-upstream origin master
To https://github.com/JONESFELIPE/projeto2jonesfelipe.git
 ! [rejected]        master -> master (fetch first)
error: failed to push some refs to 'https://github.com/JONESFELIPE/projeto2jonesfelipe.git'
hint: Updates were rejected because the remote contains work that you do
hint: not have locally. This is usually caused by another repository pushing
hint: to the same ref. You may want to first integrate the remote changes
hint: (e.g., 'git pull ...') before pushing again.
hint: See the 'Note about fast-forwards' in 'git push --help' for details.

JONES FELIPE@JONES MINGW64 ~/OneDrive/Área de Trabalho/PROJETO (master)
$ git pull origin master
remote: Enumerating objects: 4, done.
remote: Counting objects: 100% (4/4), done.
remote: Compressing objects: 100% (2/2), done.
remote: Total 3 (delta 0), reused 0 (delta 0), pack-reused 0
Unpacking objects: 100% (3/3), 679 bytes | 61.00 KiB/s, done.
From https://github.com/JONESFELIPE/projeto2jonesfelipe
 * branch            master     -> FETCH_HEAD
   90dfaaf..f23ec8e  master     -> origin/master
Merge made by the 'ort' strategy.
 README.md | 1 +
 1 file changed, 1 insertion(+)
 create mode 100644 README.md

JONES FELIPE@JONES MINGW64 ~/OneDrive/Área de Trabalho/PROJETO (master)
$ git status
On branch master
Your branch is ahead of 'origin/master' by 2 commits.
  (use "git push" to publish your local commits)

nothing to commit, working tree clean

JONES FELIPE@JONES MINGW64 ~/OneDrive/Área de Trabalho/PROJETO (master)
$ git push origin master
Enumerating objects: 9, done.
Counting objects: 100% (8/8), done.
Delta compression using up to 4 threads
Compressing objects: 100% (3/3), done.
Writing objects: 100% (5/5), 613 bytes | 613.00 KiB/s, done.
Total 5 (delta 0), reused 0 (delta 0), pack-reused 0
To https://github.com/JONESFELIPE/projeto2jonesfelipe.git
   f23ec8e..2dc9c95  master -> master

JONES FELIPE@JONES MINGW64 ~/OneDrive/Área de Trabalho/PROJETO (master)
$ git status
On branch master
Your branch is up to date with 'origin/master'.

Changes not staged for commit:
  (use "git add <file>..." to update what will be committed)
  (use "git restore <file>..." to discard changes in working directory)
        modified:   teste.txt

no changes added to commit (use "git add" and/or "git commit -a")

JONES FELIPE@JONES MINGW64 ~/OneDrive/Área de Trabalho/PROJETO (master)
$ git add .

JONES FELIPE@JONES MINGW64 ~/OneDrive/Área de Trabalho/PROJETO (master)
$ git status
On branch master
Your branch is up to date with 'origin/master'.

Changes to be committed:
  (use "git restore --staged <file>..." to unstage)
        modified:   teste.txt


JONES FELIPE@JONES MINGW64 ~/OneDrive/Área de Trabalho/PROJETO (master)
$ git push origin master
Everything up-to-date

JONES FELIPE@JONES MINGW64 ~/OneDrive/Área de Trabalho/PROJETO (master)
$ git status
On branch master
Your branch is up to date with 'origin/master'.

Changes to be committed:
  (use "git restore --staged <file>..." to unstage)
        modified:   teste.txt


JONES FELIPE@JONES MINGW64 ~/OneDrive/Área de Trabalho/PROJETO (master)
$ git commit -m "nova linha 2"
[master 9f7c362] nova linha 2
 1 file changed, 2 insertions(+), 1 deletion(-)

JONES FELIPE@JONES MINGW64 ~/OneDrive/Área de Trabalho/PROJETO (master)
$ git push origin master
Enumerating objects: 5, done.
Counting objects: 100% (5/5), done.
Delta compression using up to 4 threads
Compressing objects: 100% (2/2), done.
Writing objects: 100% (3/3), 327 bytes | 327.00 KiB/s, done.
Total 3 (delta 0), reused 0 (delta 0), pack-reused 0
To https://github.com/JONESFELIPE/projeto2jonesfelipe.git
   2dc9c95..9f7c362  master -> master

JONES FELIPE@JONES MINGW64 ~/OneDrive/Área de Trabalho/PROJETO (master)
$

NOVA LINHA

